The ``2-matrix_divided`` module
===================================
Using ``matrix_divided``
-------------------------------------------------------import function_name from module_name

>>> matrix_divided = __import__('2-matrix_divided').matrix_divided

>>> matrix = [[1, 2, 3], [4, 5, 6]]
>>> matrix_divided(matrix, 3)
[[0.33, 0.67, 1.0], [1.33, 1.67, 2.0]]

>>> matrix = [[1, 2, 3], [4, 5, "string"]]
>>> matrix_divided(matrix, 4)
Traceback (most recent call last):
    	        ...
TypeError: matrix must be a matrix (list of lists) of integers/floats

>>> matrix = [[1, 2, 3], [4, 5, 6, 7]]
>>> matrix_divided(matrix, 5)
Traceback (most recent call last):
	  	...
TypeError: Each row of the matrix must have the same size

>>> matrix_divided(matrix, 0)
Traceback (most recent call last):
	  	...
ZeroDivisionError: division by zero